// Jest Snapshot v1, https://jestjs.io/docs/snapshot-testing

exports[`About snapshot deve bater o snapshot 1`] = `
<DocumentFragment>
  <section
    class="mb-16 scroll-mt-16 md:mb-24 lg:mb-36 lg:scroll-mt-24"
    id="about"
  >
    <div
      class="sticky top-0 z-20 -mx-6 mb-4 w-screen bg-white/75 dark:bg-slate-900/75 px-6 py-5 backdrop-blur md:-mx-12 md:px-12 lg:sr-only lg:relative lg:top-auto lg:mx-auto lg:w-full lg:px-0 lg:py-0 lg:opacity-0"
    >
      <h2
        class="text-sm font-bold uppercase tracking-widest text-slate-800 dark:text-slate-200 lg:sr-only"
      >
        Sobre
      </h2>
    </div>
    <div
      class="space-y-4"
    >
      <p
        class="text-slate-700 dark:text-slate-400 leading-relaxed"
      >
        Sou Desenvolvedor Full Stack com mais de 7 anos de experiência em soluções end-to-end com React, TypeScript, Node.js, NestJS e PostgreSQL. Gosto de cuidar do sistema inteiro: da arquitetura e das APIs até o design system e a experiência de quem usa.
      </p>
      <p
        class="text-slate-700 dark:text-slate-400 leading-relaxed"
      >
        Na Maiver, plataforma que envia mais de 15 milhões de SMS por mês, sou responsável pela arquitetura, pelo design system e pelas integrações com Twilio, RabbitMQ e Stripe, e liderei uma migração que reduziu o tempo das campanhas de 7 para 4 horas. Antes disso, na Mtrix, uma solução que liderei gerou aumento de 30% na receita; na Visto, uma automação com IA reduziu uma revisão de 2 horas para 30 minutos.
      </p>
      <p
        class="text-slate-700 dark:text-slate-400 leading-relaxed"
      >
        Trabalho com CI/CD e infraestrutura como código (Terraform) e com IA aplicada no dia a dia: engenharia de prompt desde 2021, RAG e servidores MCP. Também escrevo artigos técnicos sobre arquitetura, backend e frontend, que você encontra na seção de artigos.
      </p>
    </div>
  </section>
</DocumentFragment>
`;
